============================= test session starts =============================
platform win32 -- Python 3.14.6, pytest-9.1.1, pluggy-1.6.0 -- C:\Users\vansh\AppData\Local\Python\pythoncore-3.14-64\python.exe
cachedir: .pytest_cache
rootdir: C:\Users\vansh\Documents\PromptWars Challenge 4  Smart Stadiums & Tournament Operations\PERIMO\backend
plugins: anyio-4.14.0, asyncio-1.4.0
asyncio: mode=Mode.STRICT, debug=False, asyncio_default_fixture_loop_scope=None, asyncio_default_test_loop_scope=function
collecting ... collected 4 items

tests/test_phase3_domains.py::TestWebSocket::test_ws_connect_and_ping FAILED [ 25%]
tests/test_phase3_domains.py::TestWebSocket::test_ws_subscribe_and_unsubscribe FAILED [ 50%]
tests/test_phase3_domains.py::TestWebSocket::test_ws_unknown_action_returns_error FAILED [ 75%]
tests/test_phase3_domains.py::TestWebSocket::test_ws_invalid_json_returns_error FAILED [100%]

================================== FAILURES ===================================
___________________ TestWebSocket.test_ws_connect_and_ping ____________________

self = <tests.test_phase3_domains.TestWebSocket object at 0x0000012024DF0F50>
client = <starlette.testclient.TestClient object at 0x0000012024DEAF90>
auth_token = 'eyJhbGciOiJIUzI1NiIsInR5cCI6IkpXVCJ9.eyJzdWIiOiJ1c3JfYWRtaW4iLCJ0eXBlIjoiYWNjZXNzIiwiaWF0IjoxNzg0MTE5NjQ2LCJleHAiOjE3...mp0aSI6IjIyNTBjNGE4ZjJjNTQ1MGI4YWVmZmE4ZThkYjE2ODVjIiwicm9sZSI6ImFkbWluIn0.U_K1LQqjqHAvoDOVJ3ev627u0PbxMnzh00Fj3oatwGw'

    def test_ws_connect_and_ping(self, client: TestClient, auth_token: str) -> None:
>       with client.websocket_connect(f"/v1/ws?token={auth_token}") as ws:
             ^^^^^^^^^^^^^^^^^^^^^^^^^^^^^^^^^^^^^^^^^^^^^^^^^^^^^^

tests\test_phase3_domains.py:155: 
_ _ _ _ _ _ _ _ _ _ _ _ _ _ _ _ _ _ _ _ _ _ _ _ _ _ _ _ _ _ _ _ _ _ _ _ _ _ _ _
..\..\..\..\AppData\Local\Python\pythoncore-3.14-64\Lib\site-packages\starlette\testclient.py:123: in __enter__
    self._raise_on_close(message)
_ _ _ _ _ _ _ _ _ _ _ _ _ _ _ _ _ _ _ _ _ _ _ _ _ _ _ _ _ _ _ _ _ _ _ _ _ _ _ _

self = <starlette.testclient.WebSocketTestSession object at 0x0000012024EA5550>
message = {'type': 'websocket.close', 'code': 1008, 'reason': ''}

    def _raise_on_close(self, message: Message) -> None:
        if message["type"] == "websocket.close":
>           raise WebSocketDisconnect(code=message.get("code", 1000), reason=message.get("reason", ""))
E           starlette.websockets.WebSocketDisconnect

..\..\..\..\AppData\Local\Python\pythoncore-3.14-64\Lib\site-packages\starlette\testclient.py:152: WebSocketDisconnect
---------------------------- Captured stderr setup ----------------------------
2026-07-15 18:17:26,648 INFO src.platform.firestore.store: Using in-memory seeded document store (offline mode).
2026-07-15 18:17:26,649 INFO src.platform.firestore.store: Seeded collection 'crowd_meta' with 1 document(s).
2026-07-15 18:17:26,649 INFO src.platform.firestore.store: Seeded collection 'crowd_zones' with 6 document(s).
2026-07-15 18:17:26,650 INFO src.platform.firestore.store: Seeded collection 'facility_maintenance' with 5 document(s).
2026-07-15 18:17:26,651 INFO src.platform.firestore.store: Seeded collection 'facility_systems' with 1 document(s).
2026-07-15 18:17:26,651 INFO src.platform.firestore.store: Seeded collection 'incident_meta' with 1 document(s).
2026-07-15 18:17:26,652 INFO src.platform.firestore.store: Seeded collection 'incidents' with 6 document(s).
2026-07-15 18:17:26,652 INFO src.platform.firestore.store: Seeded collection 'live_ops_crowd_zones' with 6 document(s).
2026-07-15 18:17:26,652 INFO src.platform.firestore.store: Seeded collection 'live_ops_events' with 7 document(s).
2026-07-15 18:17:26,652 INFO src.platform.firestore.store: Seeded collection 'live_ops_insights' with 3 document(s).
2026-07-15 18:17:26,652 INFO src.platform.firestore.store: Seeded collection 'live_ops_operator_log' with 4 document(s).
2026-07-15 18:17:26,653 INFO src.platform.firestore.store: Seeded collection 'live_ops_summary' with 1 document(s).
2026-07-15 18:17:26,653 INFO src.platform.firestore.store: Seeded collection 'live_ops_systems' with 5 document(s).
2026-07-15 18:17:26,653 INFO src.platform.firestore.store: Seeded collection 'notifications' with 6 document(s).
2026-07-15 18:17:26,653 INFO src.platform.firestore.store: Seeded collection 'notifications_meta' with 1 document(s).
2026-07-15 18:17:26,653 INFO src.platform.firestore.store: Seeded collection 'resources' with 12 document(s).
2026-07-15 18:17:26,653 INFO src.platform.firestore.store: Seeded collection 'transport_events' with 4 document(s).
2026-07-15 18:17:26,654 INFO src.platform.firestore.store: Seeded collection 'transport_insights' with 2 document(s).
2026-07-15 18:17:26,654 INFO src.platform.firestore.store: Seeded collection 'transport_parking' with 4 document(s).
2026-07-15 18:17:26,654 INFO src.platform.firestore.store: Seeded collection 'transport_roads' with 4 document(s).
2026-07-15 18:17:26,654 INFO src.platform.firestore.store: Seeded collection 'transport_shuttles' with 4 document(s).
2026-07-15 18:17:26,654 INFO src.platform.firestore.store: Seeded collection 'transport_summary' with 1 document(s).
2026-07-15 18:17:26,719 INFO src.bootstrap.container: Seeded admin user admin@perimo.io.
2026-07-15 18:17:26,719 INFO src.platform.eventbus.bus: EventBus: subscribed ws_fanout_subscriber to 'incident'.
2026-07-15 18:17:26,719 INFO src.platform.eventbus.bus: EventBus: subscribed ws_fanout_subscriber to 'crowd'.
2026-07-15 18:17:26,719 INFO src.platform.eventbus.bus: EventBus: subscribed ws_fanout_subscriber to 'resource'.
2026-07-15 18:17:26,719 INFO src.platform.eventbus.bus: EventBus: subscribed ws_fanout_subscriber to 'transport'.
2026-07-15 18:17:26,719 INFO src.platform.eventbus.bus: EventBus: subscribed ws_fanout_subscriber to 'twin'.
2026-07-15 18:17:26,719 INFO src.platform.eventbus.bus: EventBus: subscribed ws_fanout_subscriber to 'notification'.
2026-07-15 18:17:26,719 INFO src.platform.eventbus.bus: EventBus: subscribed ws_fanout_subscriber to 'ai'.
2026-07-15 18:17:26,719 INFO src.platform.eventbus.bus: EventBus: subscribed ws_fanout_subscriber to 'system'.
2026-07-15 18:17:26,720 INFO src.platform.eventbus.bus: EventBus: subscribed handle_event to 'incident'.
2026-07-15 18:17:26,720 INFO src.platform.eventbus.bus: EventBus: subscribed handle_event to 'crowd'.
2026-07-15 18:17:26,720 INFO src.platform.eventbus.bus: EventBus: subscribed handle_event to 'resource'.
2026-07-15 18:17:26,720 INFO src.platform.eventbus.bus: EventBus: subscribed handle_event to 'transport'.
2026-07-15 18:17:26,720 INFO src.platform.eventbus.bus: EventBus: subscribed handle_event to 'twin'.
2026-07-15 18:17:26,720 INFO src.platform.eventbus.bus: EventBus: subscribed handle_event to 'notification'.
2026-07-15 18:17:26,720 INFO src.platform.eventbus.bus: EventBus: subscribed handle_event to 'system'.
2026-07-15 18:17:26,720 INFO src.platform.eventbus.bus: EventBus: subscribed handle_event to 'ai'.
2026-07-15 18:17:26,720 INFO src.platform.eventbus.bus: EventBus: subscribed handle_event to 'incident'.
2026-07-15 18:17:26,720 INFO src.platform.eventbus.bus: EventBus: subscribed handle_event to 'crowd'.
2026-07-15 18:17:26,720 INFO src.platform.eventbus.bus: EventBus: subscribed handle_event to 'resource'.
2026-07-15 18:17:26,720 INFO src.platform.eventbus.bus: EventBus: subscribed handle_event to 'transport'.
2026-07-15 18:17:26,720 INFO src.platform.eventbus.bus: EventBus: subscribed handle_event to 'twin'.
2026-07-15 18:17:26,720 INFO src.platform.eventbus.bus: EventBus: subscribed handle_event to 'notification'.
2026-07-15 18:17:26,721 INFO src.platform.eventbus.bus: EventBus: subscribed handle_event to 'system'.
2026-07-15 18:17:26,721 INFO src.platform.eventbus.bus: EventBus: subscribed handle_event to 'ai'.
2026-07-15 18:17:26,721 INFO src.utils.llm: GEMINI_API_KEY not set ù using offline MockLLM.
2026-07-15 18:17:26,801 INFO httpx: HTTP Request: POST http://testserver/v1/auth/login "HTTP/1.1 200 OK"
2026-07-15 18:17:26,806 INFO httpx: HTTP Request: POST http://testserver/v1/auth/mfa/verify "HTTP/1.1 200 OK"
----------------------------- Captured log setup ------------------------------
INFO     src.platform.firestore.store:store.py:161 Using in-memory seeded document store (offline mode).
INFO     src.platform.firestore.store:store.py:95 Seeded collection 'crowd_meta' with 1 document(s).
INFO     src.platform.firestore.store:store.py:95 Seeded collection 'crowd_zones' with 6 document(s).
INFO     src.platform.firestore.store:store.py:95 Seeded collection 'facility_maintenance' with 5 document(s).
INFO     src.platform.firestore.store:store.py:95 Seeded collection 'facility_systems' with 1 document(s).
INFO     src.platform.firestore.store:store.py:95 Seeded collection 'incident_meta' with 1 document(s).
INFO     src.platform.firestore.store:store.py:95 Seeded collection 'incidents' with 6 document(s).
INFO     src.platform.firestore.store:store.py:95 Seeded collection 'live_ops_crowd_zones' with 6 document(s).
INFO     src.platform.firestore.store:store.py:95 Seeded collection 'live_ops_events' with 7 document(s).
INFO     src.platform.firestore.store:store.py:95 Seeded collection 'live_ops_insights' with 3 document(s).
INFO     src.platform.firestore.store:store.py:95 Seeded collection 'live_ops_operator_log' with 4 document(s).
INFO     src.platform.firestore.store:store.py:95 Seeded collection 'live_ops_summary' with 1 document(s).
INFO     src.platform.firestore.store:store.py:95 Seeded collection 'live_ops_systems' with 5 document(s).
INFO     src.platform.firestore.store:store.py:95 Seeded collection 'notifications' with 6 document(s).
INFO     src.platform.firestore.store:store.py:95 Seeded collection 'notifications_meta' with 1 document(s).
INFO     src.platform.firestore.store:store.py:95 Seeded collection 'resources' with 12 document(s).
INFO     src.platform.firestore.store:store.py:95 Seeded collection 'transport_events' with 4 document(s).
INFO     src.platform.firestore.store:store.py:95 Seeded collection 'transport_insights' with 2 document(s).
INFO     src.platform.firestore.store:store.py:95 Seeded collection 'transport_parking' with 4 document(s).
INFO     src.platform.firestore.store:store.py:95 Seeded collection 'transport_roads' with 4 document(s).
INFO     src.platform.firestore.store:store.py:95 Seeded collection 'transport_shuttles' with 4 document(s).
INFO     src.platform.firestore.store:store.py:95 Seeded collection 'transport_summary' with 1 document(s).
INFO     src.bootstrap.container:container.py:93 Seeded admin user admin@perimo.io.
INFO     src.platform.eventbus.bus:bus.py:68 EventBus: subscribed ws_fanout_subscriber to 'incident'.
INFO     src.platform.eventbus.bus:bus.py:68 EventBus: subscribed ws_fanout_subscriber to 'crowd'.
INFO     src.platform.eventbus.bus:bus.py:68 EventBus: subscribed ws_fanout_subscriber to 'resource'.
INFO     src.platform.eventbus.bus:bus.py:68 EventBus: subscribed ws_fanout_subscriber to 'transport'.
INFO     src.platform.eventbus.bus:bus.py:68 EventBus: subscribed ws_fanout_subscriber to 'twin'.
INFO     src.platform.eventbus.bus:bus.py:68 EventBus: subscribed ws_fanout_subscriber to 'notification'.
INFO     src.platform.eventbus.bus:bus.py:68 EventBus: subscribed ws_fanout_subscriber to 'ai'.
INFO     src.platform.eventbus.bus:bus.py:68 EventBus: subscribed ws_fanout_subscriber to 'system'.
INFO     src.platform.eventbus.bus:bus.py:68 EventBus: subscribed handle_event to 'incident'.
INFO     src.platform.eventbus.bus:bus.py:68 EventBus: subscribed handle_event to 'crowd'.
INFO     src.platform.eventbus.bus:bus.py:68 EventBus: subscribed handle_event to 'resource'.
INFO     src.platform.eventbus.bus:bus.py:68 EventBus: subscribed handle_event to 'transport'.
INFO     src.platform.eventbus.bus:bus.py:68 EventBus: subscribed handle_event to 'twin'.
INFO     src.platform.eventbus.bus:bus.py:68 EventBus: subscribed handle_event to 'notification'.
INFO     src.platform.eventbus.bus:bus.py:68 EventBus: subscribed handle_event to 'system'.
INFO     src.platform.eventbus.bus:bus.py:68 EventBus: subscribed handle_event to 'ai'.
INFO     src.platform.eventbus.bus:bus.py:68 EventBus: subscribed handle_event to 'incident'.
INFO     src.platform.eventbus.bus:bus.py:68 EventBus: subscribed handle_event to 'crowd'.
INFO     src.platform.eventbus.bus:bus.py:68 EventBus: subscribed handle_event to 'resource'.
INFO     src.platform.eventbus.bus:bus.py:68 EventBus: subscribed handle_event to 'transport'.
INFO     src.platform.eventbus.bus:bus.py:68 EventBus: subscribed handle_event to 'twin'.
INFO     src.platform.eventbus.bus:bus.py:68 EventBus: subscribed handle_event to 'notification'.
INFO     src.platform.eventbus.bus:bus.py:68 EventBus: subscribed handle_event to 'system'.
INFO     src.platform.eventbus.bus:bus.py:68 EventBus: subscribed handle_event to 'ai'.
INFO     src.utils.llm:llm.py:121 GEMINI_API_KEY not set ù using offline MockLLM.
INFO     httpx:_client.py:1025 HTTP Request: POST http://testserver/v1/auth/login "HTTP/1.1 200 OK"
INFO     httpx:_client.py:1025 HTTP Request: POST http://testserver/v1/auth/mfa/verify "HTTP/1.1 200 OK"
_______________ TestWebSocket.test_ws_subscribe_and_unsubscribe _______________

self = <tests.test_phase3_domains.TestWebSocket object at 0x0000012024DF1F90>
client = <starlette.testclient.TestClient object at 0x0000012024EC7750>
auth_token = 'eyJhbGciOiJIUzI1NiIsInR5cCI6IkpXVCJ9.eyJzdWIiOiJ1c3JfYWRtaW4iLCJ0eXBlIjoiYWNjZXNzIiwiaWF0IjoxNzg0MTE5NjQ3LCJleHAiOjE3...mp0aSI6IjhkNzhiYThiNjUwYzRhYTA4MTNjNmRmNjAzOTA2NTY4Iiwicm9sZSI6ImFkbWluIn0.0zNuhI1NI37JELH6JWGmC6kzEjRBpIMWo1CP6ukQ0hw'

    def test_ws_subscribe_and_unsubscribe(self, client: TestClient, auth_token: str) -> None:
>       with client.websocket_connect(f"/v1/ws?token={auth_token}") as ws:
             ^^^^^^^^^^^^^^^^^^^^^^^^^^^^^^^^^^^^^^^^^^^^^^^^^^^^^^

tests\test_phase3_domains.py:161: 
_ _ _ _ _ _ _ _ _ _ _ _ _ _ _ _ _ _ _ _ _ _ _ _ _ _ _ _ _ _ _ _ _ _ _ _ _ _ _ _
..\..\..\..\AppData\Local\Python\pythoncore-3.14-64\Lib\site-packages\starlette\testclient.py:123: in __enter__
    self._raise_on_close(message)
_ _ _ _ _ _ _ _ _ _ _ _ _ _ _ _ _ _ _ _ _ _ _ _ _ _ _ _ _ _ _ _ _ _ _ _ _ _ _ _

self = <starlette.testclient.WebSocketTestSession object at 0x0000012024F6D590>
message = {'type': 'websocket.close', 'code': 1008, 'reason': ''}

    def _raise_on_close(self, message: Message) -> None:
        if message["type"] == "websocket.close":
>           raise WebSocketDisconnect(code=message.get("code", 1000), reason=message.get("reason", ""))
E           starlette.websockets.WebSocketDisconnect

..\..\..\..\AppData\Local\Python\pythoncore-3.14-64\Lib\site-packages\starlette\testclient.py:152: WebSocketDisconnect
---------------------------- Captured stderr setup ----------------------------
2026-07-15 18:17:26,973 INFO src.platform.firestore.store: Using in-memory seeded document store (offline mode).
2026-07-15 18:17:26,975 INFO src.platform.firestore.store: Seeded collection 'crowd_meta' with 1 document(s).
2026-07-15 18:17:26,975 INFO src.platform.firestore.store: Seeded collection 'crowd_zones' with 6 document(s).
2026-07-15 18:17:26,976 INFO src.platform.firestore.store: Seeded collection 'facility_maintenance' with 5 document(s).
2026-07-15 18:17:26,976 INFO src.platform.firestore.store: Seeded collection 'facility_systems' with 1 document(s).
2026-07-15 18:17:26,977 INFO src.platform.firestore.store: Seeded collection 'incident_meta' with 1 document(s).
2026-07-15 18:17:26,977 INFO src.platform.firestore.store: Seeded collection 'incidents' with 6 document(s).
2026-07-15 18:17:26,978 INFO src.platform.firestore.store: Seeded collection 'live_ops_crowd_zones' with 6 document(s).
2026-07-15 18:17:26,978 INFO src.platform.firestore.store: Seeded collection 'live_ops_events' with 7 document(s).
2026-07-15 18:17:26,979 INFO src.platform.firestore.store: Seeded collection 'live_ops_insights' with 3 document(s).
2026-07-15 18:17:26,979 INFO src.platform.firestore.store: Seeded collection 'live_ops_operator_log' with 4 document(s).
2026-07-15 18:17:26,979 INFO src.platform.firestore.store: Seeded collection 'live_ops_summary' with 1 document(s).
2026-07-15 18:17:26,980 INFO src.platform.firestore.store: Seeded collection 'live_ops_systems' with 5 document(s).
2026-07-15 18:17:26,980 INFO src.platform.firestore.store: Seeded collection 'notifications' with 6 document(s).
2026-07-15 18:17:26,981 INFO src.platform.firestore.store: Seeded collection 'notifications_meta' with 1 document(s).
2026-07-15 18:17:26,981 INFO src.platform.firestore.store: Seeded collection 'resources' with 12 document(s).
2026-07-15 18:17:26,982 INFO src.platform.firestore.store: Seeded collection 'transport_events' with 4 document(s).
2026-07-15 18:17:26,982 INFO src.platform.firestore.store: Seeded collection 'transport_insights' with 2 document(s).
2026-07-15 18:17:26,983 INFO src.platform.firestore.store: Seeded collection 'transport_parking' with 4 document(s).
2026-07-15 18:17:26,984 INFO src.platform.firestore.store: Seeded collection 'transport_roads' with 4 document(s).
2026-07-15 18:17:26,984 INFO src.platform.firestore.store: Seeded collection 'transport_shuttles' with 4 document(s).
2026-07-15 18:17:26,985 INFO src.platform.firestore.store: Seeded collection 'transport_summary' with 1 document(s).
2026-07-15 18:17:27,060 INFO src.bootstrap.container: Seeded admin user admin@perimo.io.
2026-07-15 18:17:27,060 INFO src.platform.eventbus.bus: EventBus: subscribed ws_fanout_subscriber to 'incident'.
2026-07-15 18:17:27,060 INFO src.platform.eventbus.bus: EventBus: subscribed ws_fanout_subscriber to 'crowd'.
2026-07-15 18:17:27,060 INFO src.platform.eventbus.bus: EventBus: subscribed ws_fanout_subscriber to 'resource'.
2026-07-15 18:17:27,060 INFO src.platform.eventbus.bus: EventBus: subscribed ws_fanout_subscriber to 'transport'.
2026-07-15 18:17:27,060 INFO src.platform.eventbus.bus: EventBus: subscribed ws_fanout_subscriber to 'twin'.
2026-07-15 18:17:27,060 INFO src.platform.eventbus.bus: EventBus: subscribed ws_fanout_subscriber to 'notification'.
2026-07-15 18:17:27,060 INFO src.platform.eventbus.bus: EventBus: subscribed ws_fanout_subscriber to 'ai'.
2026-07-15 18:17:27,060 INFO src.platform.eventbus.bus: EventBus: subscribed ws_fanout_subscriber to 'system'.
2026-07-15 18:17:27,060 INFO src.platform.eventbus.bus: EventBus: subscribed handle_event to 'incident'.
2026-07-15 18:17:27,060 INFO src.platform.eventbus.bus: EventBus: subscribed handle_event to 'crowd'.
2026-07-15 18:17:27,060 INFO src.platform.eventbus.bus: EventBus: subscribed handle_event to 'resource'.
2026-07-15 18:17:27,060 INFO src.platform.eventbus.bus: EventBus: subscribed handle_event to 'transport'.
2026-07-15 18:17:27,060 INFO src.platform.eventbus.bus: EventBus: subscribed handle_event to 'twin'.
2026-07-15 18:17:27,060 INFO src.platform.eventbus.bus: EventBus: subscribed handle_event to 'notification'.
2026-07-15 18:17:27,061 INFO src.platform.eventbus.bus: EventBus: subscribed handle_event to 'system'.
2026-07-15 18:17:27,061 INFO src.platform.eventbus.bus: EventBus: subscribed handle_event to 'ai'.
2026-07-15 18:17:27,061 INFO src.platform.eventbus.bus: EventBus: subscribed handle_event to 'incident'.
2026-07-15 18:17:27,061 INFO src.platform.eventbus.bus: EventBus: subscribed handle_event to 'crowd'.
2026-07-15 18:17:27,061 INFO src.platform.eventbus.bus: EventBus: subscribed handle_event to 'resource'.
2026-07-15 18:17:27,061 INFO src.platform.eventbus.bus: EventBus: subscribed handle_event to 'transport'.
2026-07-15 18:17:27,061 INFO src.platform.eventbus.bus: EventBus: subscribed handle_event to 'twin'.
2026-07-15 18:17:27,061 INFO src.platform.eventbus.bus: EventBus: subscribed handle_event to 'notification'.
2026-07-15 18:17:27,061 INFO src.platform.eventbus.bus: EventBus: subscribed handle_event to 'system'.
2026-07-15 18:17:27,061 INFO src.platform.eventbus.bus: EventBus: subscribed handle_event to 'ai'.
2026-07-15 18:17:27,061 INFO src.utils.llm: GEMINI_API_KEY not set ù using offline MockLLM.
2026-07-15 18:17:27,137 INFO httpx: HTTP Request: POST http://testserver/v1/auth/login "HTTP/1.1 200 OK"
2026-07-15 18:17:27,141 INFO httpx: HTTP Request: POST http://testserver/v1/auth/mfa/verify "HTTP/1.1 200 OK"
----------------------------- Captured log setup ------------------------------
INFO     src.platform.firestore.store:store.py:161 Using in-memory seeded document store (offline mode).
INFO     src.platform.firestore.store:store.py:95 Seeded collection 'crowd_meta' with 1 document(s).
INFO     src.platform.firestore.store:store.py:95 Seeded collection 'crowd_zones' with 6 document(s).
INFO     src.platform.firestore.store:store.py:95 Seeded collection 'facility_maintenance' with 5 document(s).
INFO     src.platform.firestore.store:store.py:95 Seeded collection 'facility_systems' with 1 document(s).
INFO     src.platform.firestore.store:store.py:95 Seeded collection 'incident_meta' with 1 document(s).
INFO     src.platform.firestore.store:store.py:95 Seeded collection 'incidents' with 6 document(s).
INFO     src.platform.firestore.store:store.py:95 Seeded collection 'live_ops_crowd_zones' with 6 document(s).
INFO     src.platform.firestore.store:store.py:95 Seeded collection 'live_ops_events' with 7 document(s).
INFO     src.platform.firestore.store:store.py:95 Seeded collection 'live_ops_insights' with 3 document(s).
INFO     src.platform.firestore.store:store.py:95 Seeded collection 'live_ops_operator_log' with 4 document(s).
INFO     src.platform.firestore.store:store.py:95 Seeded collection 'live_ops_summary' with 1 document(s).
INFO     src.platform.firestore.store:store.py:95 Seeded collection 'live_ops_systems' with 5 document(s).
INFO     src.platform.firestore.store:store.py:95 Seeded collection 'notifications' with 6 document(s).
INFO     src.platform.firestore.store:store.py:95 Seeded collection 'notifications_meta' with 1 document(s).
INFO     src.platform.firestore.store:store.py:95 Seeded collection 'resources' with 12 document(s).
INFO     src.platform.firestore.store:store.py:95 Seeded collection 'transport_events' with 4 document(s).
INFO     src.platform.firestore.store:store.py:95 Seeded collection 'transport_insights' with 2 document(s).
INFO     src.platform.firestore.store:store.py:95 Seeded collection 'transport_parking' with 4 document(s).
INFO     src.platform.firestore.store:store.py:95 Seeded collection 'transport_roads' with 4 document(s).
INFO     src.platform.firestore.store:store.py:95 Seeded collection 'transport_shuttles' with 4 document(s).
INFO     src.platform.firestore.store:store.py:95 Seeded collection 'transport_summary' with 1 document(s).
INFO     src.bootstrap.container:container.py:93 Seeded admin user admin@perimo.io.
INFO     src.platform.eventbus.bus:bus.py:68 EventBus: subscribed ws_fanout_subscriber to 'incident'.
INFO     src.platform.eventbus.bus:bus.py:68 EventBus: subscribed ws_fanout_subscriber to 'crowd'.
INFO     src.platform.eventbus.bus:bus.py:68 EventBus: subscribed ws_fanout_subscriber to 'resource'.
INFO     src.platform.eventbus.bus:bus.py:68 EventBus: subscribed ws_fanout_subscriber to 'transport'.
INFO     src.platform.eventbus.bus:bus.py:68 EventBus: subscribed ws_fanout_subscriber to 'twin'.
INFO     src.platform.eventbus.bus:bus.py:68 EventBus: subscribed ws_fanout_subscriber to 'notification'.
INFO     src.platform.eventbus.bus:bus.py:68 EventBus: subscribed ws_fanout_subscriber to 'ai'.
INFO     src.platform.eventbus.bus:bus.py:68 EventBus: subscribed ws_fanout_subscriber to 'system'.
INFO     src.platform.eventbus.bus:bus.py:68 EventBus: subscribed handle_event to 'incident'.
INFO     src.platform.eventbus.bus:bus.py:68 EventBus: subscribed handle_event to 'crowd'.
INFO     src.platform.eventbus.bus:bus.py:68 EventBus: subscribed handle_event to 'resource'.
INFO     src.platform.eventbus.bus:bus.py:68 EventBus: subscribed handle_event to 'transport'.
INFO     src.platform.eventbus.bus:bus.py:68 EventBus: subscribed handle_event to 'twin'.
INFO     src.platform.eventbus.bus:bus.py:68 EventBus: subscribed handle_event to 'notification'.
INFO     src.platform.eventbus.bus:bus.py:68 EventBus: subscribed handle_event to 'system'.
INFO     src.platform.eventbus.bus:bus.py:68 EventBus: subscribed handle_event to 'ai'.
INFO     src.platform.eventbus.bus:bus.py:68 EventBus: subscribed handle_event to 'incident'.
INFO     src.platform.eventbus.bus:bus.py:68 EventBus: subscribed handle_event to 'crowd'.
INFO     src.platform.eventbus.bus:bus.py:68 EventBus: subscribed handle_event to 'resource'.
INFO     src.platform.eventbus.bus:bus.py:68 EventBus: subscribed handle_event to 'transport'.
INFO     src.platform.eventbus.bus:bus.py:68 EventBus: subscribed handle_event to 'twin'.
INFO     src.platform.eventbus.bus:bus.py:68 EventBus: subscribed handle_event to 'notification'.
INFO     src.platform.eventbus.bus:bus.py:68 EventBus: subscribed handle_event to 'system'.
INFO     src.platform.eventbus.bus:bus.py:68 EventBus: subscribed handle_event to 'ai'.
INFO     src.utils.llm:llm.py:121 GEMINI_API_KEY not set ù using offline MockLLM.
INFO     httpx:_client.py:1025 HTTP Request: POST http://testserver/v1/auth/login "HTTP/1.1 200 OK"
INFO     httpx:_client.py:1025 HTTP Request: POST http://testserver/v1/auth/mfa/verify "HTTP/1.1 200 OK"
_____________ TestWebSocket.test_ws_unknown_action_returns_error ______________

self = <tests.test_phase3_domains.TestWebSocket object at 0x0000012024E643E0>
client = <starlette.testclient.TestClient object at 0x0000012024FC4550>
auth_token = 'eyJhbGciOiJIUzI1NiIsInR5cCI6IkpXVCJ9.eyJzdWIiOiJ1c3JfYWRtaW4iLCJ0eXBlIjoiYWNjZXNzIiwiaWF0IjoxNzg0MTE5NjQ3LCJleHAiOjE3...mp0aSI6ImZjZGZmODVkNzViYzQyY2E5OTRjMTNjOWY4ZDJiZGE0Iiwicm9sZSI6ImFkbWluIn0._5JAGiLbC7nvzjZnd5L1gXZK-BYXbWxnLBBnNcfSzhI'

    def test_ws_unknown_action_returns_error(self, client: TestClient, auth_token: str) -> None:
>       with client.websocket_connect(f"/v1/ws?token={auth_token}") as ws:
             ^^^^^^^^^^^^^^^^^^^^^^^^^^^^^^^^^^^^^^^^^^^^^^^^^^^^^^

tests\test_phase3_domains.py:172: 
_ _ _ _ _ _ _ _ _ _ _ _ _ _ _ _ _ _ _ _ _ _ _ _ _ _ _ _ _ _ _ _ _ _ _ _ _ _ _ _
..\..\..\..\AppData\Local\Python\pythoncore-3.14-64\Lib\site-packages\starlette\testclient.py:123: in __enter__
    self._raise_on_close(message)
_ _ _ _ _ _ _ _ _ _ _ _ _ _ _ _ _ _ _ _ _ _ _ _ _ _ _ _ _ _ _ _ _ _ _ _ _ _ _ _

self = <starlette.testclient.WebSocketTestSession object at 0x0000012024FC5450>
message = {'type': 'websocket.close', 'code': 1008, 'reason': ''}

    def _raise_on_close(self, message: Message) -> None:
        if message["type"] == "websocket.close":
>           raise WebSocketDisconnect(code=message.get("code", 1000), reason=message.get("reason", ""))
E           starlette.websockets.WebSocketDisconnect

..\..\..\..\AppData\Local\Python\pythoncore-3.14-64\Lib\site-packages\starlette\testclient.py:152: WebSocketDisconnect
---------------------------- Captured stderr setup ----------------------------
2026-07-15 18:17:27,189 INFO src.platform.firestore.store: Using in-memory seeded document store (offline mode).
2026-07-15 18:17:27,189 INFO src.platform.firestore.store: Seeded collection 'crowd_meta' with 1 document(s).
2026-07-15 18:17:27,190 INFO src.platform.firestore.store: Seeded collection 'crowd_zones' with 6 document(s).
2026-07-15 18:17:27,190 INFO src.platform.firestore.store: Seeded collection 'facility_maintenance' with 5 document(s).
2026-07-15 18:17:27,190 INFO src.platform.firestore.store: Seeded collection 'facility_systems' with 1 document(s).
2026-07-15 18:17:27,190 INFO src.platform.firestore.store: Seeded collection 'incident_meta' with 1 document(s).
2026-07-15 18:17:27,191 INFO src.platform.firestore.store: Seeded collection 'incidents' with 6 document(s).
2026-07-15 18:17:27,191 INFO src.platform.firestore.store: Seeded collection 'live_ops_crowd_zones' with 6 document(s).
2026-07-15 18:17:27,191 INFO src.platform.firestore.store: Seeded collection 'live_ops_events' with 7 document(s).
2026-07-15 18:17:27,192 INFO src.platform.firestore.store: Seeded collection 'live_ops_insights' with 3 document(s).
2026-07-15 18:17:27,192 INFO src.platform.firestore.store: Seeded collection 'live_ops_operator_log' with 4 document(s).
2026-07-15 18:17:27,192 INFO src.platform.firestore.store: Seeded collection 'live_ops_summary' with 1 document(s).
2026-07-15 18:17:27,193 INFO src.platform.firestore.store: Seeded collection 'live_ops_systems' with 5 document(s).
2026-07-15 18:17:27,193 INFO src.platform.firestore.store: Seeded collection 'notifications' with 6 document(s).
2026-07-15 18:17:27,193 INFO src.platform.firestore.store: Seeded collection 'notifications_meta' with 1 document(s).
2026-07-15 18:17:27,193 INFO src.platform.firestore.store: Seeded collection 'resources' with 12 document(s).
2026-07-15 18:17:27,193 INFO src.platform.firestore.store: Seeded collection 'transport_events' with 4 document(s).
2026-07-15 18:17:27,194 INFO src.platform.firestore.store: Seeded collection 'transport_insights' with 2 document(s).
2026-07-15 18:17:27,194 INFO src.platform.firestore.store: Seeded collection 'transport_parking' with 4 document(s).
2026-07-15 18:17:27,194 INFO src.platform.firestore.store: Seeded collection 'transport_roads' with 4 document(s).
2026-07-15 18:17:27,195 INFO src.platform.firestore.store: Seeded collection 'transport_shuttles' with 4 document(s).
2026-07-15 18:17:27,195 INFO src.platform.firestore.store: Seeded collection 'transport_summary' with 1 document(s).
2026-07-15 18:17:27,258 INFO src.bootstrap.container: Seeded admin user admin@perimo.io.
2026-07-15 18:17:27,258 INFO src.platform.eventbus.bus: EventBus: subscribed ws_fanout_subscriber to 'incident'.
2026-07-15 18:17:27,258 INFO src.platform.eventbus.bus: EventBus: subscribed ws_fanout_subscriber to 'crowd'.
2026-07-15 18:17:27,258 INFO src.platform.eventbus.bus: EventBus: subscribed ws_fanout_subscriber to 'resource'.
2026-07-15 18:17:27,259 INFO src.platform.eventbus.bus: EventBus: subscribed ws_fanout_subscriber to 'transport'.
2026-07-15 18:17:27,259 INFO src.platform.eventbus.bus: EventBus: subscribed ws_fanout_subscriber to 'twin'.
2026-07-15 18:17:27,259 INFO src.platform.eventbus.bus: EventBus: subscribed ws_fanout_subscriber to 'notification'.
2026-07-15 18:17:27,259 INFO src.platform.eventbus.bus: EventBus: subscribed ws_fanout_subscriber to 'ai'.
2026-07-15 18:17:27,259 INFO src.platform.eventbus.bus: EventBus: subscribed ws_fanout_subscriber to 'system'.
2026-07-15 18:17:27,259 INFO src.platform.eventbus.bus: EventBus: subscribed handle_event to 'incident'.
2026-07-15 18:17:27,259 INFO src.platform.eventbus.bus: EventBus: subscribed handle_event to 'crowd'.
2026-07-15 18:17:27,259 INFO src.platform.eventbus.bus: EventBus: subscribed handle_event to 'resource'.
2026-07-15 18:17:27,259 INFO src.platform.eventbus.bus: EventBus: subscribed handle_event to 'transport'.
2026-07-15 18:17:27,259 INFO src.platform.eventbus.bus: EventBus: subscribed handle_event to 'twin'.
2026-07-15 18:17:27,259 INFO src.platform.eventbus.bus: EventBus: subscribed handle_event to 'notification'.
2026-07-15 18:17:27,259 INFO src.platform.eventbus.bus: EventBus: subscribed handle_event to 'system'.
2026-07-15 18:17:27,259 INFO src.platform.eventbus.bus: EventBus: subscribed handle_event to 'ai'.
2026-07-15 18:17:27,259 INFO src.platform.eventbus.bus: EventBus: subscribed handle_event to 'incident'.
2026-07-15 18:17:27,259 INFO src.platform.eventbus.bus: EventBus: subscribed handle_event to 'crowd'.
2026-07-15 18:17:27,259 INFO src.platform.eventbus.bus: EventBus: subscribed handle_event to 'resource'.
2026-07-15 18:17:27,259 INFO src.platform.eventbus.bus: EventBus: subscribed handle_event to 'transport'.
2026-07-15 18:17:27,259 INFO src.platform.eventbus.bus: EventBus: subscribed handle_event to 'twin'.
2026-07-15 18:17:27,259 INFO src.platform.eventbus.bus: EventBus: subscribed handle_event to 'notification'.
2026-07-15 18:17:27,259 INFO src.platform.eventbus.bus: EventBus: subscribed handle_event to 'system'.
2026-07-15 18:17:27,259 INFO src.platform.eventbus.bus: EventBus: subscribed handle_event to 'ai'.
2026-07-15 18:17:27,259 INFO src.utils.llm: GEMINI_API_KEY not set ù using offline MockLLM.
2026-07-15 18:17:27,339 INFO httpx: HTTP Request: POST http://testserver/v1/auth/login "HTTP/1.1 200 OK"
2026-07-15 18:17:27,344 INFO httpx: HTTP Request: POST http://testserver/v1/auth/mfa/verify "HTTP/1.1 200 OK"
----------------------------- Captured log setup ------------------------------
INFO     src.platform.firestore.store:store.py:161 Using in-memory seeded document store (offline mode).
INFO     src.platform.firestore.store:store.py:95 Seeded collection 'crowd_meta' with 1 document(s).
INFO     src.platform.firestore.store:store.py:95 Seeded collection 'crowd_zones' with 6 document(s).
INFO     src.platform.firestore.store:store.py:95 Seeded collection 'facility_maintenance' with 5 document(s).
INFO     src.platform.firestore.store:store.py:95 Seeded collection 'facility_systems' with 1 document(s).
INFO     src.platform.firestore.store:store.py:95 Seeded collection 'incident_meta' with 1 document(s).
INFO     src.platform.firestore.store:store.py:95 Seeded collection 'incidents' with 6 document(s).
INFO     src.platform.firestore.store:store.py:95 Seeded collection 'live_ops_crowd_zones' with 6 document(s).
INFO     src.platform.firestore.store:store.py:95 Seeded collection 'live_ops_events' with 7 document(s).
INFO     src.platform.firestore.store:store.py:95 Seeded collection 'live_ops_insights' with 3 document(s).
INFO     src.platform.firestore.store:store.py:95 Seeded collection 'live_ops_operator_log' with 4 document(s).
INFO     src.platform.firestore.store:store.py:95 Seeded collection 'live_ops_summary' with 1 document(s).
INFO     src.platform.firestore.store:store.py:95 Seeded collection 'live_ops_systems' with 5 document(s).
INFO     src.platform.firestore.store:store.py:95 Seeded collection 'notifications' with 6 document(s).
INFO     src.platform.firestore.store:store.py:95 Seeded collection 'notifications_meta' with 1 document(s).
INFO     src.platform.firestore.store:store.py:95 Seeded collection 'resources' with 12 document(s).
INFO     src.platform.firestore.store:store.py:95 Seeded collection 'transport_events' with 4 document(s).
INFO     src.platform.firestore.store:store.py:95 Seeded collection 'transport_insights' with 2 document(s).
INFO     src.platform.firestore.store:store.py:95 Seeded collection 'transport_parking' with 4 document(s).
INFO     src.platform.firestore.store:store.py:95 Seeded collection 'transport_roads' with 4 document(s).
INFO     src.platform.firestore.store:store.py:95 Seeded collection 'transport_shuttles' with 4 document(s).
INFO     src.platform.firestore.store:store.py:95 Seeded collection 'transport_summary' with 1 document(s).
INFO     src.bootstrap.container:container.py:93 Seeded admin user admin@perimo.io.
INFO     src.platform.eventbus.bus:bus.py:68 EventBus: subscribed ws_fanout_subscriber to 'incident'.
INFO     src.platform.eventbus.bus:bus.py:68 EventBus: subscribed ws_fanout_subscriber to 'crowd'.
INFO     src.platform.eventbus.bus:bus.py:68 EventBus: subscribed ws_fanout_subscriber to 'resource'.
INFO     src.platform.eventbus.bus:bus.py:68 EventBus: subscribed ws_fanout_subscriber to 'transport'.
INFO     src.platform.eventbus.bus:bus.py:68 EventBus: subscribed ws_fanout_subscriber to 'twin'.
INFO     src.platform.eventbus.bus:bus.py:68 EventBus: subscribed ws_fanout_subscriber to 'notification'.
INFO     src.platform.eventbus.bus:bus.py:68 EventBus: subscribed ws_fanout_subscriber to 'ai'.
INFO     src.platform.eventbus.bus:bus.py:68 EventBus: subscribed ws_fanout_subscriber to 'system'.
INFO     src.platform.eventbus.bus:bus.py:68 EventBus: subscribed handle_event to 'incident'.
INFO     src.platform.eventbus.bus:bus.py:68 EventBus: subscribed handle_event to 'crowd'.
INFO     src.platform.eventbus.bus:bus.py:68 EventBus: subscribed handle_event to 'resource'.
INFO     src.platform.eventbus.bus:bus.py:68 EventBus: subscribed handle_event to 'transport'.
INFO     src.platform.eventbus.bus:bus.py:68 EventBus: subscribed handle_event to 'twin'.
INFO     src.platform.eventbus.bus:bus.py:68 EventBus: subscribed handle_event to 'notification'.
INFO     src.platform.eventbus.bus:bus.py:68 EventBus: subscribed handle_event to 'system'.
INFO     src.platform.eventbus.bus:bus.py:68 EventBus: subscribed handle_event to 'ai'.
INFO     src.platform.eventbus.bus:bus.py:68 EventBus: subscribed handle_event to 'incident'.
INFO     src.platform.eventbus.bus:bus.py:68 EventBus: subscribed handle_event to 'crowd'.
INFO     src.platform.eventbus.bus:bus.py:68 EventBus: subscribed handle_event to 'resource'.
INFO     src.platform.eventbus.bus:bus.py:68 EventBus: subscribed handle_event to 'transport'.
INFO     src.platform.eventbus.bus:bus.py:68 EventBus: subscribed handle_event to 'twin'.
INFO     src.platform.eventbus.bus:bus.py:68 EventBus: subscribed handle_event to 'notification'.
INFO     src.platform.eventbus.bus:bus.py:68 EventBus: subscribed handle_event to 'system'.
INFO     src.platform.eventbus.bus:bus.py:68 EventBus: subscribed handle_event to 'ai'.
INFO     src.utils.llm:llm.py:121 GEMINI_API_KEY not set ù using offline MockLLM.
INFO     httpx:_client.py:1025 HTTP Request: POST http://testserver/v1/auth/login "HTTP/1.1 200 OK"
INFO     httpx:_client.py:1025 HTTP Request: POST http://testserver/v1/auth/mfa/verify "HTTP/1.1 200 OK"
______________ TestWebSocket.test_ws_invalid_json_returns_error _______________

self = <tests.test_phase3_domains.TestWebSocket object at 0x0000012024E64640>
client = <starlette.testclient.TestClient object at 0x0000012024FFE650>
auth_token = 'eyJhbGciOiJIUzI1NiIsInR5cCI6IkpXVCJ9.eyJzdWIiOiJ1c3JfYWRtaW4iLCJ0eXBlIjoiYWNjZXNzIiwiaWF0IjoxNzg0MTE5NjQ3LCJleHAiOjE3...mp0aSI6IjdhZTcyMzNjZThkMTQ4NDRiZDBjOWRkNWFlNjQwNGJjIiwicm9sZSI6ImFkbWluIn0.8bGBNLCqlRAz6kkrpqve1k-cNXN57W1pLr0PvX4zZmY'

    def test_ws_invalid_json_returns_error(self, client: TestClient, auth_token: str) -> None:
>       with client.websocket_connect(f"/v1/ws?token={auth_token}") as ws:
             ^^^^^^^^^^^^^^^^^^^^^^^^^^^^^^^^^^^^^^^^^^^^^^^^^^^^^^

tests\test_phase3_domains.py:178: 
_ _ _ _ _ _ _ _ _ _ _ _ _ _ _ _ _ _ _ _ _ _ _ _ _ _ _ _ _ _ _ _ _ _ _ _ _ _ _ _
..\..\..\..\AppData\Local\Python\pythoncore-3.14-64\Lib\site-packages\starlette\testclient.py:123: in __enter__
    self._raise_on_close(message)
_ _ _ _ _ _ _ _ _ _ _ _ _ _ _ _ _ _ _ _ _ _ _ _ _ _ _ _ _ _ _ _ _ _ _ _ _ _ _ _

self = <starlette.testclient.WebSocketTestSession object at 0x00000120250AF360>
message = {'type': 'websocket.close', 'code': 1008, 'reason': ''}

    def _raise_on_close(self, message: Message) -> None:
        if message["type"] == "websocket.close":
>           raise WebSocketDisconnect(code=message.get("code", 1000), reason=message.get("reason", ""))
E           starlette.websockets.WebSocketDisconnect

..\..\..\..\AppData\Local\Python\pythoncore-3.14-64\Lib\site-packages\starlette\testclient.py:152: WebSocketDisconnect
---------------------------- Captured stderr setup ----------------------------
2026-07-15 18:17:27,394 INFO src.platform.firestore.store: Using in-memory seeded document store (offline mode).
2026-07-15 18:17:27,404 INFO src.platform.firestore.store: Seeded collection 'crowd_meta' with 1 document(s).
2026-07-15 18:17:27,404 INFO src.platform.firestore.store: Seeded collection 'crowd_zones' with 6 document(s).
2026-07-15 18:17:27,405 INFO src.platform.firestore.store: Seeded collection 'facility_maintenance' with 5 document(s).
2026-07-15 18:17:27,405 INFO src.platform.firestore.store: Seeded collection 'facility_systems' with 1 document(s).
2026-07-15 18:17:27,405 INFO src.platform.firestore.store: Seeded collection 'incident_meta' with 1 document(s).
2026-07-15 18:17:27,405 INFO src.platform.firestore.store: Seeded collection 'incidents' with 6 document(s).
2026-07-15 18:17:27,406 INFO src.platform.firestore.store: Seeded collection 'live_ops_crowd_zones' with 6 document(s).
2026-07-15 18:17:27,407 INFO src.platform.firestore.store: Seeded collection 'live_ops_events' with 7 document(s).
2026-07-15 18:17:27,407 INFO src.platform.firestore.store: Seeded collection 'live_ops_insights' with 3 document(s).
2026-07-15 18:17:27,407 INFO src.platform.firestore.store: Seeded collection 'live_ops_operator_log' with 4 document(s).
2026-07-15 18:17:27,407 INFO src.platform.firestore.store: Seeded collection 'live_ops_summary' with 1 document(s).
2026-07-15 18:17:27,407 INFO src.platform.firestore.store: Seeded collection 'live_ops_systems' with 5 document(s).
2026-07-15 18:17:27,408 INFO src.platform.firestore.store: Seeded collection 'notifications' with 6 document(s).
2026-07-15 18:17:27,408 INFO src.platform.firestore.store: Seeded collection 'notifications_meta' with 1 document(s).
2026-07-15 18:17:27,408 INFO src.platform.firestore.store: Seeded collection 'resources' with 12 document(s).
2026-07-15 18:17:27,408 INFO src.platform.firestore.store: Seeded collection 'transport_events' with 4 document(s).
2026-07-15 18:17:27,408 INFO src.platform.firestore.store: Seeded collection 'transport_insights' with 2 document(s).
2026-07-15 18:17:27,409 INFO src.platform.firestore.store: Seeded collection 'transport_parking' with 4 document(s).
2026-07-15 18:17:27,409 INFO src.platform.firestore.store: Seeded collection 'transport_roads' with 4 document(s).
2026-07-15 18:17:27,409 INFO src.platform.firestore.store: Seeded collection 'transport_shuttles' with 4 document(s).
2026-07-15 18:17:27,410 INFO src.platform.firestore.store: Seeded collection 'transport_summary' with 1 document(s).
2026-07-15 18:17:27,476 INFO src.bootstrap.container: Seeded admin user admin@perimo.io.
2026-07-15 18:17:27,477 INFO src.platform.eventbus.bus: EventBus: subscribed ws_fanout_subscriber to 'incident'.
2026-07-15 18:17:27,477 INFO src.platform.eventbus.bus: EventBus: subscribed ws_fanout_subscriber to 'crowd'.
2026-07-15 18:17:27,477 INFO src.platform.eventbus.bus: EventBus: subscribed ws_fanout_subscriber to 'resource'.
2026-07-15 18:17:27,477 INFO src.platform.eventbus.bus: EventBus: subscribed ws_fanout_subscriber to 'transport'.
2026-07-15 18:17:27,477 INFO src.platform.eventbus.bus: EventBus: subscribed ws_fanout_subscriber to 'twin'.
2026-07-15 18:17:27,477 INFO src.platform.eventbus.bus: EventBus: subscribed ws_fanout_subscriber to 'notification'.
2026-07-15 18:17:27,477 INFO src.platform.eventbus.bus: EventBus: subscribed ws_fanout_subscriber to 'ai'.
2026-07-15 18:17:27,477 INFO src.platform.eventbus.bus: EventBus: subscribed ws_fanout_subscriber to 'system'.
2026-07-15 18:17:27,477 INFO src.platform.eventbus.bus: EventBus: subscribed handle_event to 'incident'.
2026-07-15 18:17:27,477 INFO src.platform.eventbus.bus: EventBus: subscribed handle_event to 'crowd'.
2026-07-15 18:17:27,477 INFO src.platform.eventbus.bus: EventBus: subscribed handle_event to 'resource'.
2026-07-15 18:17:27,477 INFO src.platform.eventbus.bus: EventBus: subscribed handle_event to 'transport'.
2026-07-15 18:17:27,477 INFO src.platform.eventbus.bus: EventBus: subscribed handle_event to 'twin'.
2026-07-15 18:17:27,477 INFO src.platform.eventbus.bus: EventBus: subscribed handle_event to 'notification'.
2026-07-15 18:17:27,477 INFO src.platform.eventbus.bus: EventBus: subscribed handle_event to 'system'.
2026-07-15 18:17:27,477 INFO src.platform.eventbus.bus: EventBus: subscribed handle_event to 'ai'.
2026-07-15 18:17:27,477 INFO src.platform.eventbus.bus: EventBus: subscribed handle_event to 'incident'.
2026-07-15 18:17:27,477 INFO src.platform.eventbus.bus: EventBus: subscribed handle_event to 'crowd'.
2026-07-15 18:17:27,477 INFO src.platform.eventbus.bus: EventBus: subscribed handle_event to 'resource'.
2026-07-15 18:17:27,477 INFO src.platform.eventbus.bus: EventBus: subscribed handle_event to 'transport'.
2026-07-15 18:17:27,477 INFO src.platform.eventbus.bus: EventBus: subscribed handle_event to 'twin'.
2026-07-15 18:17:27,477 INFO src.platform.eventbus.bus: EventBus: subscribed handle_event to 'notification'.
2026-07-15 18:17:27,477 INFO src.platform.eventbus.bus: EventBus: subscribed handle_event to 'system'.
2026-07-15 18:17:27,477 INFO src.platform.eventbus.bus: EventBus: subscribed handle_event to 'ai'.
2026-07-15 18:17:27,477 INFO src.utils.llm: GEMINI_API_KEY not set ù using offline MockLLM.
2026-07-15 18:17:27,560 INFO httpx: HTTP Request: POST http://testserver/v1/auth/login "HTTP/1.1 200 OK"
2026-07-15 18:17:27,564 INFO httpx: HTTP Request: POST http://testserver/v1/auth/mfa/verify "HTTP/1.1 200 OK"
----------------------------- Captured log setup ------------------------------
INFO     src.platform.firestore.store:store.py:161 Using in-memory seeded document store (offline mode).
INFO     src.platform.firestore.store:store.py:95 Seeded collection 'crowd_meta' with 1 document(s).
INFO     src.platform.firestore.store:store.py:95 Seeded collection 'crowd_zones' with 6 document(s).
INFO     src.platform.firestore.store:store.py:95 Seeded collection 'facility_maintenance' with 5 document(s).
INFO     src.platform.firestore.store:store.py:95 Seeded collection 'facility_systems' with 1 document(s).
INFO     src.platform.firestore.store:store.py:95 Seeded collection 'incident_meta' with 1 document(s).
INFO     src.platform.firestore.store:store.py:95 Seeded collection 'incidents' with 6 document(s).
INFO     src.platform.firestore.store:store.py:95 Seeded collection 'live_ops_crowd_zones' with 6 document(s).
INFO     src.platform.firestore.store:store.py:95 Seeded collection 'live_ops_events' with 7 document(s).
INFO     src.platform.firestore.store:store.py:95 Seeded collection 'live_ops_insights' with 3 document(s).
INFO     src.platform.firestore.store:store.py:95 Seeded collection 'live_ops_operator_log' with 4 document(s).
INFO     src.platform.firestore.store:store.py:95 Seeded collection 'live_ops_summary' with 1 document(s).
INFO     src.platform.firestore.store:store.py:95 Seeded collection 'live_ops_systems' with 5 document(s).
INFO     src.platform.firestore.store:store.py:95 Seeded collection 'notifications' with 6 document(s).
INFO     src.platform.firestore.store:store.py:95 Seeded collection 'notifications_meta' with 1 document(s).
INFO     src.platform.firestore.store:store.py:95 Seeded collection 'resources' with 12 document(s).
INFO     src.platform.firestore.store:store.py:95 Seeded collection 'transport_events' with 4 document(s).
INFO     src.platform.firestore.store:store.py:95 Seeded collection 'transport_insights' with 2 document(s).
INFO     src.platform.firestore.store:store.py:95 Seeded collection 'transport_parking' with 4 document(s).
INFO     src.platform.firestore.store:store.py:95 Seeded collection 'transport_roads' with 4 document(s).
INFO     src.platform.firestore.store:store.py:95 Seeded collection 'transport_shuttles' with 4 document(s).
INFO     src.platform.firestore.store:store.py:95 Seeded collection 'transport_summary' with 1 document(s).
INFO     src.bootstrap.container:container.py:93 Seeded admin user admin@perimo.io.
INFO     src.platform.eventbus.bus:bus.py:68 EventBus: subscribed ws_fanout_subscriber to 'incident'.
INFO     src.platform.eventbus.bus:bus.py:68 EventBus: subscribed ws_fanout_subscriber to 'crowd'.
INFO     src.platform.eventbus.bus:bus.py:68 EventBus: subscribed ws_fanout_subscriber to 'resource'.
INFO     src.platform.eventbus.bus:bus.py:68 EventBus: subscribed ws_fanout_subscriber to 'transport'.
INFO     src.platform.eventbus.bus:bus.py:68 EventBus: subscribed ws_fanout_subscriber to 'twin'.
INFO     src.platform.eventbus.bus:bus.py:68 EventBus: subscribed ws_fanout_subscriber to 'notification'.
INFO     src.platform.eventbus.bus:bus.py:68 EventBus: subscribed ws_fanout_subscriber to 'ai'.
INFO     src.platform.eventbus.bus:bus.py:68 EventBus: subscribed ws_fanout_subscriber to 'system'.
INFO     src.platform.eventbus.bus:bus.py:68 EventBus: subscribed handle_event to 'incident'.
INFO     src.platform.eventbus.bus:bus.py:68 EventBus: subscribed handle_event to 'crowd'.
INFO     src.platform.eventbus.bus:bus.py:68 EventBus: subscribed handle_event to 'resource'.
INFO     src.platform.eventbus.bus:bus.py:68 EventBus: subscribed handle_event to 'transport'.
INFO     src.platform.eventbus.bus:bus.py:68 EventBus: subscribed handle_event to 'twin'.
INFO     src.platform.eventbus.bus:bus.py:68 EventBus: subscribed handle_event to 'notification'.
INFO     src.platform.eventbus.bus:bus.py:68 EventBus: subscribed handle_event to 'system'.
INFO     src.platform.eventbus.bus:bus.py:68 EventBus: subscribed handle_event to 'ai'.
INFO     src.platform.eventbus.bus:bus.py:68 EventBus: subscribed handle_event to 'incident'.
INFO     src.platform.eventbus.bus:bus.py:68 EventBus: subscribed handle_event to 'crowd'.
INFO     src.platform.eventbus.bus:bus.py:68 EventBus: subscribed handle_event to 'resource'.
INFO     src.platform.eventbus.bus:bus.py:68 EventBus: subscribed handle_event to 'transport'.
INFO     src.platform.eventbus.bus:bus.py:68 EventBus: subscribed handle_event to 'twin'.
INFO     src.platform.eventbus.bus:bus.py:68 EventBus: subscribed handle_event to 'notification'.
INFO     src.platform.eventbus.bus:bus.py:68 EventBus: subscribed handle_event to 'system'.
INFO     src.platform.eventbus.bus:bus.py:68 EventBus: subscribed handle_event to 'ai'.
INFO     src.utils.llm:llm.py:121 GEMINI_API_KEY not set ù using offline MockLLM.
INFO     httpx:_client.py:1025 HTTP Request: POST http://testserver/v1/auth/login "HTTP/1.1 200 OK"
INFO     httpx:_client.py:1025 HTTP Request: POST http://testserver/v1/auth/mfa/verify "HTTP/1.1 200 OK"
============================== warnings summary ===============================
tests\conftest.py:13
  C:\Users\vansh\Documents\PromptWars Challenge 4  Smart Stadiums & Tournament Operations\PERIMO\backend\tests\conftest.py:13: StarletteDeprecationWarning: Using `httpx` with `starlette.testclient` is deprecated; install `httpx2` instead.
    from starlette.testclient import TestClient

tests/test_phase3_domains.py::TestWebSocket::test_ws_connect_and_ping
tests/test_phase3_domains.py::TestWebSocket::test_ws_subscribe_and_unsubscribe
tests/test_phase3_domains.py::TestWebSocket::test_ws_unknown_action_returns_error
tests/test_phase3_domains.py::TestWebSocket::test_ws_invalid_json_returns_error
  C:\Users\vansh\AppData\Local\Python\pythoncore-3.14-64\Lib\site-packages\jwt\api_jwt.py:147: InsecureKeyLengthWarning: The HMAC key is 11 bytes long, which is below the minimum recommended length of 32 bytes for SHA256. See RFC 7518 Section 3.2.
    return self._jws.encode(

tests/test_phase3_domains.py::TestWebSocket::test_ws_connect_and_ping
tests/test_phase3_domains.py::TestWebSocket::test_ws_subscribe_and_unsubscribe
tests/test_phase3_domains.py::TestWebSocket::test_ws_unknown_action_returns_error
tests/test_phase3_domains.py::TestWebSocket::test_ws_invalid_json_returns_error
  C:\Users\vansh\AppData\Local\Python\pythoncore-3.14-64\Lib\site-packages\jwt\api_jwt.py:368: InsecureKeyLengthWarning: The HMAC key is 11 bytes long, which is below the minimum recommended length of 32 bytes for SHA256. See RFC 7518 Section 3.2.
    decoded = self.decode_complete(

-- Docs: https://docs.pytest.org/en/stable/how-to/capture-warnings.html
=========================== short test summary info ===========================
FAILED tests/test_phase3_domains.py::TestWebSocket::test_ws_connect_and_ping
FAILED tests/test_phase3_domains.py::TestWebSocket::test_ws_subscribe_and_unsubscribe
FAILED tests/test_phase3_domains.py::TestWebSocket::test_ws_unknown_action_returns_error
FAILED tests/test_phase3_domains.py::TestWebSocket::test_ws_invalid_json_returns_error
======================== 4 failed, 9 warnings in 0.99s ========================
